// Jest Snapshot v1, https://goo.gl/fbAQLP

exports[`Navigation bar renders correctly 1`] = `
<nav
  className="main-navigation "
>
  <button
    className="menu-button"
    id="menu-button"
    onClick={[Function]}
    type="button"
  >
    <div
      className="menu-icon"
    />
  </button>
  <div
    className="navbar"
  >
    <div
      className="nav-title"
    >
      <a
        className="menu-link"
        href="/#"
        onClick={[Function]}
        onMouseEnter={[Function]}
      >
        Kaz Yamada
      </a>
    </div>
    <div
      className="menu-item"
    >
      <a
        className="menu-link"
        href="/#about-me"
        onClick={[Function]}
        onMouseEnter={[Function]}
      >
        About
      </a>
      <a
        className="menu-link"
        href="/#projects"
        onClick={[Function]}
        onMouseEnter={[Function]}
      >
        Projects
      </a>
      <a
        className="menu-link"
        href="/blog/"
        onClick={[Function]}
        onMouseEnter={[Function]}
      >
        Blog
      </a>
    </div>
  </div>
</nav>
`;
